Starting dedicated rate-limit demo proxy on port 8099
(allowlist cleared so rate limiting applies to this client)

Simulating brute-force attack (30 requests to http://127.0.0.1:8099)...

[1] ALLOWED (HTTP 200)
[2] ALLOWED (HTTP 200)
[3] ALLOWED (HTTP 200)
[4] ALLOWED (HTTP 200)
[5] ALLOWED (HTTP 200)
[6] ALLOWED (HTTP 200)
[7] ALLOWED (HTTP 200)
[8] ALLOWED (HTTP 200)
[9] ALLOWED (HTTP 200)
[10] ALLOWED (HTTP 200)
[11] BLOCKED (HTTP 429)
[12] BLOCKED (HTTP 429)
[13] ALLOWED (HTTP 200)
[14] BLOCKED (HTTP 429)
[15] BLOCKED (HTTP 429)
[16] BLOCKED (HTTP 429)
[17] BLOCKED (HTTP 429)
[18] BLOCKED (HTTP 429)
[19] BLOCKED (HTTP 429)
[20] BLOCKED (HTTP 429)
[21] BLOCKED (HTTP 429)
[22] BLOCKED (HTTP 429)
[23] BLOCKED (HTTP 429)
[24] BLOCKED (HTTP 429)
[25] BLOCKED (HTTP 429)
[26] BLOCKED (HTTP 429)
[27] ALLOWED (HTTP 200)
[28] BLOCKED (HTTP 429)
[29] BLOCKED (HTTP 429)
[30] BLOCKED (HTTP 429)

Results:
  Allowed: 12
  Blocked: 18

Rate limiter triggered after 12 requests.
Check the log for RateLimitExceeded events:
  grep -c 'RateLimitExceeded' sentinel-shield-rate-demo.log
