Simulating brute-force attack (40 requests to http://localhost:8080)...

[1] ALLOWED (HTTP 200)
[2] ALLOWED (HTTP 200)
[3] ALLOWED (HTTP 200)
[4] ALLOWED (HTTP 200)
[5] ALLOWED (HTTP 200)
[6] ALLOWED (HTTP 200)
[7] ALLOWED (HTTP 200)
[8] ALLOWED (HTTP 200)
[9] ALLOWED (HTTP 200)
[10] ALLOWED (HTTP 200)
[11] ALLOWED (HTTP 200)
[12] ALLOWED (HTTP 200)
[13] ALLOWED (HTTP 200)
[14] ALLOWED (HTTP 200)
[15] ALLOWED (HTTP 200)
[16] ALLOWED (HTTP 200)
[17] ALLOWED (HTTP 200)
[18] ALLOWED (HTTP 200)
[19] BLOCKED (HTTP 429)
[20] BLOCKED (HTTP 429)
[21] BLOCKED (HTTP 429)
[22] BLOCKED (HTTP 429)
[23] BLOCKED (HTTP 429)
[24] BLOCKED (HTTP 429)
[25] BLOCKED (HTTP 429)
[26] BLOCKED (HTTP 429)
[27] BLOCKED (HTTP 429)
[28] BLOCKED (HTTP 429)
[29] BLOCKED (HTTP 429)
[30] BLOCKED (HTTP 429)
[31] BLOCKED (HTTP 429)
[32] BLOCKED (HTTP 429)
[33] ALLOWED (HTTP 200)
[34] BLOCKED (HTTP 429)
[35] BLOCKED (HTTP 429)
[36] BLOCKED (HTTP 429)
[37] BLOCKED (HTTP 429)
[38] BLOCKED (HTTP 429)
[39] BLOCKED (HTTP 429)
[40] BLOCKED (HTTP 429)

Results:
  Allowed: 19
  Blocked: 21

Rate limiter triggered after 19 requests.
Check the log for RateLimitExceeded events:
  grep -c 'RateLimitExceeded' sentinel-shield.log
